Content-Disposition: attachment; filename=stuff.zip
Content-Transfer-Encoding: base64
Content-Type: application/zip; boundary=enmime-abcdefg0123456789;
 charset=binary; name=stuff.zip

ZIPZIPZIP
