Content-Type: text/plain

This is a test of a plain text part.

Another line.

